[2026-05-07 02:26:14] AIMaster Version: 1.6.13, Build Time: 2026-03-31T08:31:01, Commit ID: 3245f779
[2026-05-07 02:26:14] [2026-05-07 02:26:10,650 AIMaster] INFO: Launch arguments: --job-execution-mode=Sync --enable-job-restart=True --max-num-of-job-restart=10 --fault-tolerant-policy=OnFailure
[2026-05-07 02:26:14] [2026-05-07 02:26:12,221 AIMaster] (kubernetes_config.py 39) INFO: using aimaster service account.
[2026-05-07 02:26:14] [2026-05-07 02:26:12,235 AIMaster] (manager.py 263) INFO: The user_message_handler thread starts running.
[2026-05-07 02:26:14] [2026-05-07 02:26:12,235 AIMaster] (aimaster_state_manager.py 103) INFO: Register 'JobMessageManager' object in aimaster state manager.
[2026-05-07 02:26:14] [2026-05-07 02:26:12,384 AIMaster] (config.py 307) INFO: Using new configmap pai-aimaster-new
[2026-05-07 02:26:14] [2026-05-07 02:26:12,384 AIMaster] (config.py 347) INFO: Try loading config from pai-aimaster-new configmap.
[+] [2026-05-07 02:26:14] [2026-05-07 02:26:12,420 AIMaster] (config.py 171) INFO: Successfully loaded raw config, {'job_monitor': {'gpus_per_node': '8', 'enable_ops_reported_error_detection': 'true', 'restart_for_non_affecting_error': 'false', 'job_restart_policy': 'InJobRecreate', 'job_restart_policy_gray_worker_range': '', 'enable_job_hang_auto_pystack': 'false', 'enable_local_detection': 'false', 'enable_show_original_node_name': 'false', 'job_train_metrics_upload_enabled': 'false', 'pod_terminating_timeout': 600, 'retryable_error_patterns': ['OCI.*nvidia.*driver', 'encountered UECC|ECC error', 'CUDA error.*NVLink error', 'NCCL WARN.*Got completion'], 'unretryable_error_patterns': [{'error_pattern': 'VscAttachNotSupported', 'need_detect_log': 'false', 'need_detect_event': 'true'}], 'job_init_error_patterns': ['torch\\.distributed\\.DistStoreError: (Socket Timeout|Timed out after)', 'ValueError: Total available.*is less than total desired', 'ASSIGNED_RANKS_PREFIX[\\s\\S]*torch\\.distributed\\.DistNetworkError'], 'blacklist_error': [{'error_pattern': 'encountered UECC|ECC error', 'error_code': '1', 'error_msg': 'ECC error', 'need_raw_error_log': 'true', 'add_node_to_blacklist': 'true', 'need_notification': 'true', 'aiph_configs': {'error_type': 'ECCError', 'level': 'Major', 'scope': 'Node'}}, {'error_pattern': 'CUDA error.*NVLink error', 'error_code': '2', 'error_msg': 'NVLink error', 'need_raw_error_log': 'true', 'add_node_to_blacklist': 'true', 'need_notification': 'true', 'aiph_configs': {'error_type': 'NVLinkError', 'level': 'Major', 'scope': 'Node'}}, {'error_pattern': 'NCCL WARN.*Got completion', 'error_code': '3', 'error_msg': 'NCCL WARN: Got completion', 'need_raw_error_log': 'true', 'add_node_to_blacklist': 'false', 'need_notification': 'true', 'aiph_configs': {'error_type': 'NCCLCompletionWithError', 'level': 'Indeterminate', 'scope': 'Network'}}, {'error_pattern': 'PodTerminatingHang', 'error_code': '7', 'error_msg': 'Pod terminating hang', 'need_raw_error_log': 'false', 'add_node_to_blacklist': 'true', 'need_notification': 'false', 'need_detect_log': 'false', 'aiph_configs': {'error_type': 'PodTerminatingHang', 'level': 'Critical', 'scope': 'Node'}}, {'error_pattern': 'C4CommunicateHangError', 'error_code': '8', 'error_msg': 'C4 has detected a communication hang error.', 'need_raw_error_log': 'false', 'add_node_to_blacklist': 'true', 'need_notification': 'true', 'need_detect_log': 'false', 'aiph_configs': {'error_type': 'C4CommunicateHangError', 'level': 'Major', 'scope': 'Node'}}, {'error_pattern': 'C4CommunicateHangWarn', 'error_code': '9', 'error_msg': 'C4 has detected a communication hang warning error.', 'need_raw_error_log': 'false', 'add_node_to_blacklist': 'false', 'need_notification': 'false', 'need_detect_log': 'false', 'aiph_configs': {'error_type': 'C4CommunicateHangWarn', 'level': 'Minor', 'scope': 'Node'}}, {'error_pattern': 'C4CommunicateSlowWarn', 'error_code': '10', 'error_msg': 'C4 has detected a communication slow error.', 'need_raw_error_log': 'false', 'add_node_to_blacklist': 'false', 'need_notification': 'false', 'need_detect_log': 'false', 'aiph_configs': {'error_type': 'C4CommunicateSlowWarn', 'level': 'Minor', 'scope': 'Node'}}, {'error_pattern': 'CUDA out of memory', 'error_code': '12', 'error_msg': 'CUDA OOM', 'need_raw_error_log': 'true', 'add_node_to_blacklist': 'false', 'need_notification': 'true'}, {'error_pattern': 'Assertion.*index out of bounds.*failed', 'error_code': '13', 'error_msg': 'Invalid data access', 'need_raw_error_log': 'true', 'add_node_to_blacklist': 'false', 'need_notification': 'true'}, {'error_pattern': 'bash.*No such file or directory', 'error_code': '14', 'error_msg': 'No such file or directory', 'need_raw_error_log': 'true', 'add_node_to_blacklist': 'false', 'need_notification': 'true'}, {'error_pattern': 'found NaN in local grad norm in backward pass', 'error_code': '16', 'error_msg': 'Found NaN in local grad norm in backward pass', 'need_raw_error_log': 'true', 'add_node_to_blacklist': 'false', 'need_notification': 'true'}, {'error_pattern': 'P2P is disabled between NVLINK conne...
[+] [2026-05-07 02:26:14] [2026-05-07 02:26:12,421 AIMaster] (config.py 173) INFO: Successfully loaded config: {'job_monitor': {'gpus_per_node': '8', 'enable_ops_reported_error_detection': 'true', 'restart_for_non_affecting_error': 'false', 'job_restart_policy': 'InJobRecreate', 'job_restart_policy_gray_worker_range': '', 'enable_job_hang_auto_pystack': 'false', 'enable_local_detection': 'false', 'enable_show_original_node_name': 'false', 'job_train_metrics_upload_enabled': 'false', 'pod_terminating_timeout': 600, 'retryable_error_patterns': ['OCI.*nvidia.*driver', 'encountered UECC|ECC error', 'CUDA error.*NVLink error', 'NCCL WARN.*Got completion'], 'unretryable_error_patterns': [{'error_pattern': 'VscAttachNotSupported', 'need_detect_log': 'false', 'need_detect_event': 'true'}], 'job_init_error_patterns': ['torch\\.distributed\\.DistStoreError: (Socket Timeout|Timed out after)', 'ValueError: Total available.*is less than total desired', 'ASSIGNED_RANKS_PREFIX[\\s\\S]*torch\\.distributed\\.DistNetworkError'], 'blacklist_error': [{'error_pattern': 'encountered UECC|ECC error', 'error_code': '1', 'error_msg': 'ECC error', 'need_raw_error_log': 'true', 'add_node_to_blacklist': 'true', 'need_notification': 'true', 'aiph_configs': {'error_type': 'ECCError', 'level': 'Major', 'scope': 'Node'}}, {'error_pattern': 'CUDA error.*NVLink error', 'error_code': '2', 'error_msg': 'NVLink error', 'need_raw_error_log': 'true', 'add_node_to_blacklist': 'true', 'need_notification': 'true', 'aiph_configs': {'error_type': 'NVLinkError', 'level': 'Major', 'scope': 'Node'}}, {'error_pattern': 'NCCL WARN.*Got completion', 'error_code': '3', 'error_msg': 'NCCL WARN: Got completion', 'need_raw_error_log': 'true', 'add_node_to_blacklist': 'false', 'need_notification': 'true', 'aiph_configs': {'error_type': 'NCCLCompletionWithError', 'level': 'Indeterminate', 'scope': 'Network'}}, {'error_pattern': 'PodTerminatingHang', 'error_code': '7', 'error_msg': 'Pod terminating hang', 'need_raw_error_log': 'false', 'add_node_to_blacklist': 'true', 'need_notification': 'false', 'need_detect_log': 'false', 'aiph_configs': {'error_type': 'PodTerminatingHang', 'level': 'Critical', 'scope': 'Node'}}, {'error_pattern': 'C4CommunicateHangError', 'error_code': '8', 'error_msg': 'C4 has detected a communication hang error.', 'need_raw_error_log': 'false', 'add_node_to_blacklist': 'true', 'need_notification': 'true', 'need_detect_log': 'false', 'aiph_configs': {'error_type': 'C4CommunicateHangError', 'level': 'Major', 'scope': 'Node'}}, {'error_pattern': 'C4CommunicateHangWarn', 'error_code': '9', 'error_msg': 'C4 has detected a communication hang warning error.', 'need_raw_error_log': 'false', 'add_node_to_blacklist': 'false', 'need_notification': 'false', 'need_detect_log': 'false', 'aiph_configs': {'error_type': 'C4CommunicateHangWarn', 'level': 'Minor', 'scope': 'Node'}}, {'error_pattern': 'C4CommunicateSlowWarn', 'error_code': '10', 'error_msg': 'C4 has detected a communication slow error.', 'need_raw_error_log': 'false', 'add_node_to_blacklist': 'false', 'need_notification': 'false', 'need_detect_log': 'false', 'aiph_configs': {'error_type': 'C4CommunicateSlowWarn', 'level': 'Minor', 'scope': 'Node'}}, {'error_pattern': 'CUDA out of memory', 'error_code': '12', 'error_msg': 'CUDA OOM', 'need_raw_error_log': 'true', 'add_node_to_blacklist': 'false', 'need_notification': 'true'}, {'error_pattern': 'Assertion.*index out of bounds.*failed', 'error_code': '13', 'error_msg': 'Invalid data access', 'need_raw_error_log': 'true', 'add_node_to_blacklist': 'false', 'need_notification': 'true'}, {'error_pattern': 'bash.*No such file or directory', 'error_code': '14', 'error_msg': 'No such file or directory', 'need_raw_error_log': 'true', 'add_node_to_blacklist': 'false', 'need_notification': 'true'}, {'error_pattern': 'found NaN in local grad norm in backward pass', 'error_code': '16', 'error_msg': 'Found NaN in local grad norm in backward pass', 'need_raw_error_log': 'true', 'add_node_to_blacklist': 'false', 'need_notification': 'true'}, {'error_pattern': 'P2P is disabled between NVLINK connected...
[2026-05-07 02:26:14] [2026-05-07 02:26:12,421 AIMaster] (config.py 432) INFO: Unretryable error patterns builded, size 1
[2026-05-07 02:26:14] [2026-05-07 02:26:12,421 AIMaster] (config.py 474) INFO: Pod events error patterns builded, size 1
[2026-05-07 02:26:14] [2026-05-07 02:26:12,421 AIMaster] (config.py 518) INFO: Job level blacklist error patterns builded, size 8
[2026-05-07 02:26:14] [2026-05-07 02:26:12,421 AIMaster] (config.py 549) INFO: Ray Log error patterns builded, size 3
[2026-05-07 02:26:14] [2026-05-07 02:26:12,421 AIMaster] (config.py 569) INFO: Cluster info in config: {'gpu_type': '', 'gpus_per_node': -1}
[2026-05-07 02:26:14] [2026-05-07 02:26:12,422 AIMaster] (config.py 621) INFO: Blacklist errors built, size 20
[2026-05-07 02:26:14] [2026-05-07 02:26:12,422 AIMaster] (config.py 622) INFO: Xid blacklist errors built, size 0
[2026-05-07 02:26:14] [2026-05-07 02:26:12,422 AIMaster] (config.py 660) INFO: Blacklist exceptions built, size 0
[2026-05-07 02:26:14] [2026-05-07 02:26:12,422 AIMaster] (config.py 698) INFO: Ray blacklist errors built, size 4
[2026-05-07 02:26:14] [2026-05-07 02:26:12,422 AIMaster] (config.py 196) INFO: Config reload thread started, will reload every 60 seconds.
[2026-05-07 02:26:14] [2026-05-07 02:26:12,432 AIMaster] (config.py 57) INFO: AIMaster message multilingual content loaded, using zh-CN language.
[2026-05-07 02:26:14] [2026-05-07 02:26:12,998 AIMaster] (aimaster_state_manager.py 103) INFO: Register 'AIMasterWorkerManager' object in aimaster state manager.
[2026-05-07 02:26:14] [2026-05-07 02:26:13,006 AIMaster] (aimaster_state_manager.py 103) INFO: Register 'AIMasterAgentManager' object in aimaster state manager.
[2026-05-07 02:26:14] [2026-05-07 02:26:13,170 AIMaster] (aimaster_k8s_main.py 22) INFO: aimaster gets started!
[2026-05-07 02:26:14] [2026-05-07 02:26:13,172 AIMaster] (aimaster_k8s_main.py 30) INFO: Namespace(aimaster_operator=False, aimaster_pod_image='', aimaster_worker_image='', benchmark_iterations=60, benchmark_threshold_pct=0.3, benchmark_threshold_pct_by_benchmark={}, c4d_agent_port=0, c4d_common_envs='', c4d_daemon_port=0, c4d_image='', c4d_log_level='Warning', community_k8s=False, debug_aimaster_whl='', disable_hypernode_mode=False, do_pressure_test=False, enable_aimaster_failover=True, enable_aimaster_worker=True, enable_c4d_check=False, enable_c4d_error_handler=False, enable_c4d_hang_detection=False, enable_chief_failover=False, enable_cluster_level_blacklist=True, enable_deter_mode_check=False, enable_event_errors_detector=False, enable_eviction_detection=True, enable_in_place_schedule=False, enable_job_exit_hang_detection=False, enable_job_hang_auto_pystack=False, enable_job_hang_detection=False, enable_job_level_blacklist=True, enable_job_restart=True, enable_local_detection=False, enable_log_errors_detector=True, enable_log_redirect_to_nas=False, enable_numa_run=False, enable_ops_reported_error_detection=False, enable_ops_reported_network_error_detection=False, enable_perftracker=True, enable_perftracker_analyzers='All', enable_ps_failover=False, enable_restart_on_job_hang=True, enable_sanity_check=False, enable_schedule_on_anomalous_node=False, enable_show_original_node_name=False, enable_storage_usage_detection=False, ep_slot_num=-1, fault_tolerant_policy='OnFailure', in_place_schedule_from='', job_blacklist_error_count_threshold=3, job_execution_mode='Sync', job_exit_hang_interval=600, job_hang_detect_interval=120, job_hang_interval=1800, job_hang_notification_time=0, job_inplace_restart_enabled=False, job_level_blacklist_threshold=9, job_max_rescheduling_time=31536000, job_max_running_time=-1, job_metric_stale_timeout=-1, job_restart_policy='InJobRecreate', job_restart_timeout=1800, job_specified_node_list='', kubeflow=False, max_ckpt_time_in_seconds=60, max_cluster_blacklist_node_per_check=3, max_num_of_job_restart=10, max_num_of_job_restart_for_eviction=10, max_num_of_same_error=365, max_num_of_sanity_check_restart=0, max_tolerated_failure_rate=-1, max_waiting_time_for_chief_ps_failover=300, max_waiting_time_for_eviction=300, metric_name_to_detect_for_job_hang='consumed_samples', metric_pattern_for_job_hang_detection='consumed samples:\\s*(\\d+)\\s+', micro_benchmarks='gemm_flops,all_reduce_1,all_reduce_2', model_benchmarks='', other_benchmarks='', oversold_use_spot_res=False, pai_vnode_instance=False, rotation_fault_detection_config='', sanity_check_benchmark_params='', sanity_check_envs='', sanity_check_image='', sanity_check_max_time=1440, sanity_check_required_gpus_per_node='4,8,16', sanity_check_timeout_ops='MarkJobFail', sanity_check_timeout_per_test=6, sanity_check_timing='BeforeJobRunning', specifc_gpu_model='', specific_hpn_zone='', storage_detect_dir='.storage_detect_dir', storage_detect_fs_types='fuse.aliyun-alinas-efc', storage_detect_size_in_mb=512, train_metrics_anomaly_speed_detect_keys='', train_metrics_anomaly_speed_detect_skip_duration_from_job_start='30m', train_metrics_hang_detect_time_range='10m', train_metrics_hang_timeout_threshold=15, worker_name_to_detect_for_job_hang=None)
[2026-05-07 02:26:14] [2026-05-07 02:26:13,172 AIMaster] (kubernetes_job_tracker.py 93) INFO: KubernetesJobTracker initialized threadpool with 15 workers
[2026-05-07 02:26:14] [2026-05-07 02:26:13,172 AIMaster] (aimaster_k8s_main.py 49) INFO: jobname:dlcfwzrpm5k45awi, namespace:t1245621648665098
[+] [2026-05-07 02:26:14] [2026-05-07 02:26:13,194 AIMaster] (k8s_torch_job_controller.py 89) INFO: Get job plan: {'apiVersion': 'kubeflow.org/v1', 'kind': 'PyTorchJob', 'metadata': {'annotations': {'aimaster': 'ready', 'alibabacloud.com/job-pod-assigned': 'true', 'alibabacloud.com/quota-oversold-type': 'ForbiddenQuotaOverSold', 'alibabacloud.com/quota-oversold-use-res-type': 'Forbidden', 'dlc.alibaba.com/acree-insts': '', 'dlc.pai.alibabacloud.com/job-creation-time': '2026-05-06T18:26:02Z', 'kubedl.io/ignore-persist-preallocation-status': 'true', 'pai.ai/aimaster-args': '--job-execution-mode=Sync --enable-job-restart=True --max-num-of-job-restart=10 --fault-tolerant-policy=OnFailure', 'pai.ai/aimaster-worker-image': 'dsw-registry-vpc.cn-wulanchabu.cr.aliyuncs.com/pai/aimaster-worker:v1.6.13-3245f779-202603311626_accelerated', 'pai.ai/aimaster-worker-image-origin': 'dsw-registry-vpc.cn-wulanchabu.cr.aliyuncs.com/pai/aimaster-worker:v1.5.19-369ab2fb8-202512041948_accelerated', 'pai.ai/c4d-image': 'dsw-registry-vpc.cn-wulanchabu.cr.aliyuncs.com/pai/c4d:1.5.1-63a4bf92f-202501071450_accelerated', 'pai.ai/enable-aimaster': 'true', 'pai.ai/enable-aimaster-failover': 'true', 'pai.ai/enable-error-monitoring': 'true', 'pai.ai/hypernode-min-available': '{"worker":0}', 'pai.ai/hypernode-quality-policy': '{"worker":"AlwaysRequire"}', 'pai.ai/user-defined-aimaster-docker-image': 'dsw-registry-vpc.cn-wulanchabu.cr.aliyuncs.com/pai/aimaster:v1.6.13-3245f779-202603311626_accelerated', 'pai.ai/user-defined-aimaster-docker-image-origin': 'dsw-registry-vpc.cn-wulanchabu.cr.aliyuncs.com/pai/aimaster:v1.5.19-369ab2fb8-202512041948_accelerated', 'quota.scheduling.koordinator.sh/quota-oversold-type': 'ForbiddenQuotaOverSold', 'service-discovery.alibabacloud.com/enable': 'true', 'service-discovery.alibabacloud.com/pvtz-zone': 't1245621648665098', 'service-exposure-host-suffix': 'dsw-gateway-cn-wulanchabu.data.aliyun.com'}, 'creationTimestamp': '2026-05-06T18:26:05Z', 'generation': 2, 'labels': {'ali/metric-business-user-id': '1245621648665098', 'ali/metric-gray-shard-pai-dlc-operator': 'A', 'ali/metric-job-id': 'dlcfwzrpm5k45awi', 'ali/metric-pai-job': 'dlcfwzrpm5k45awi', 'ali/metric-quota-id': 'quota14t4e89bcrp', 'ali/metric-reporter': 'dlc', 'ali/metric-tenant-id': '1245621648665098', 'ali/metric-user-id': '204141373582516166', 'ali/metric-workgroup-id': '244899', 'ali/metric-workspace-id': '244899', 'alibabacloud.com/quota-name': 'quota14t4e89bcrp', 'alibabacloud.com/user-quota-key': '204141373582516166-244899', 'business-user-id': '1245621648665098', 'hardware.alibabacloud.com/gpu': 'true', 'hardware.alibabacloud.com/rdma': 'true', 'job-displayname-md5': '958e60b951db884aaef868ec62124ea8', 'job-id': 'dlcfwzrpm5k45awi', 'k8s.aliyun.com/image-accelerate-mode': 'on-demand', 'pai-job': 'dlcfwzrpm5k45awi', 'pai.ai/enable-aimaster': 'true', 'quota-id': 'quota14t4e89bcrp', 'reporter': 'dlc', 'tenant-id': '1245621648665098', 'user-id': '204141373582516166', 'workgroup-id': '244899', 'workspace-id': '244899'}, 'name': 'dlcfwzrpm5k45awi', 'namespace': 't1245621648665098', 'resourceVersion': '77615344951', 'uid': '94f1aaec-fc17-43ac-858c-6fe6b7dc6a15'}, 'spec': {'pytorchReplicaSpecs': {'AIMaster': {'replicas': 1, 'restartPolicy': 'Never', 'template': {'metadata': {'annotations': {'alibabacloud.com/override-runtime-handler': 'rund-latest', 'io.alibaba.pouch.vm.passthru.cpus': '32', 'io.katacontainers.config.rlimit.memlock': 'unlimited', 'io.katacontainers.config.rlimit.nofile': '102400', 'io.katacontainers.config.runtime.enable_host_custom_storage': 'true', 'k8s.aliyun.com/pod-networks': '{"podNetworks":[{"interface":"net0","vSwitchOptions":["vsw-0jl0towefk00zk9gsahbu"],"securityGroupIDs":["sg-0jl0pd5qaerdj75wmred"],"userID":"1245621648665098","roleName":"AliyunPAIDLCDefaultRole","extraRoutes":[{"dst":"10.1.32.0/20"},{"dst":"10.1.0.0/20"},{"dst":"10.1.255.0/29"},{"dst":"10.1.255.8/29"},{"dst":"10.1.16.0/20"}],"defaultRoute":true,"eniAvsConfig":{"queue":32,"ingressAclAccept":true,"syncSecurityGroupRule":true}}]}', 'k8s.v1.cni.cncf.io/networks': '[{"name": "ansm-conf", "interface...
[2026-05-07 02:26:14] [2026-05-07 02:26:13,194 AIMaster] (aimaster_failover_controller.py 64) INFO: AIMmaster failover enabled: True
[2026-05-07 02:26:14] [2026-05-07 02:26:13,203 AIMaster] (aimaster_state_manager.py 70) INFO: Set aimaster state persister.
[2026-05-07 02:26:14] [2026-05-07 02:26:13,203 AIMaster] (anomalous_nodes_manager.py 71) INFO: JobLevelAnomalousNodesManager initialized, job blacklist: True, job blacklist threshold: 9, job blacklist error count threshold: 3
[2026-05-07 02:26:14] [2026-05-07 02:26:13,205 AIMaster] (job_event_collector.py 142) INFO: watch_pods_thread created and start running.
[2026-05-07 02:26:14] [2026-05-07 02:26:13,205 AIMaster] (job_event_collector.py 156) INFO: publish_pod_events_thread created and start running.
[2026-05-07 02:26:14] [2026-05-07 02:26:13,205 AIMaster] (job_event_collector.py 117) INFO: JobEventCollector initialized.
[2026-05-07 02:26:14] [2026-05-07 02:26:13,205 AIMaster] (k8s_torch_job_controller.py 114) INFO: Maximal rpc connections: 2
[2026-05-07 02:26:14] [2026-05-07 02:26:13,206 AIMaster] (network.py 49) INFO: AIMASTER_ADDR Env: dlcfwzrpm5k45awi-aimaster-0:23456
[2026-05-07 02:26:14] [2026-05-07 02:26:13.206 AIMaster] (scheduler.cc 22) INFO: enable_elastic_train_: no
[2026-05-07 02:26:14] [2026-05-07 02:26:13,206 AIMaster] (k8s_torch_job_controller.py 118) INFO: aimaster rpc service started: 22.27.120.48:23456
[2026-05-07 02:26:14] [2026-05-07 02:26:13.206 AIMaster] (scheduler.cc 276) INFO: version has been updated from 0 to 0 
[2026-05-07 02:26:14] [2026-05-07 02:26:13,206 AIMaster] (manager.py 190) INFO: The job_message_sender thread starts running.
[2026-05-07 02:26:14] [2026-05-07 02:26:13,207 AIMaster] (elastic_training_controller.py 61) INFO: elastic training is disabled
[2026-05-07 02:26:14] [2026-05-07 02:26:13,207 AIMaster] (elastic_training_controller_k8s.py 75) INFO: job_type:PyTorch, elastictraining_enabled:False
[2026-05-07 02:26:14] [2026-05-07 02:26:13,207 AIMaster] (elastic_data_controller.py 232) INFO: job_type:pytorch, elasticdata_enabled:False, worker_count:{'worker': 1, 'master': 1, 'total_count': 2}
[2026-05-07 02:26:14] [2026-05-07 02:26:13,207 AIMaster] (aimaster_state_manager.py 103) INFO: Register 'C4DManager' object in aimaster state manager.
[2026-05-07 02:26:14] [2026-05-07 02:26:13,207 AIMaster] (sanity_checker_config.py 284) INFO: Sanitycheck required gpus per node: [4, 8, 16]
[2026-05-07 02:26:14] [2026-05-07 02:26:13,207 AIMaster] (sanity_check_controller.py 1603) INFO: Parsed GPU request in job, nvidia.com/gpu: 8
[2026-05-07 02:26:14] [2026-05-07 02:26:13,207 AIMaster] (sanity_check_benchmark_manager.py 104) INFO: SanityCheck cluster default benchmarks: []
[2026-05-07 02:26:14] [2026-05-07 02:26:13,207 AIMaster] (sanity_check_benchmark_manager.py 111) INFO: SanityCheck selected benchmarks: ['gemm_flops', 'all_reduce_1', 'all_reduce_2']
[2026-05-07 02:26:14] [2026-05-07 02:26:13,207 AIMaster] (sanity_check_controller.py 177) INFO: Sanitycheck enabled: False, configs: {"sanity_check_timing": "BeforeJobRunning", "sanity_check_max_time": 1440, "sanity_check_timeout_ops": "MarkJobFail", "sanity_check_timeout_per_test": 6, "sanity_check_image": "", "sanity_check_envs": "", "sanity_check_benchmark_params": "", "enable_c4d_check": false, "micro_benchmarks": "gemm_flops,all_reduce_1,all_reduce_2", "model_benchmarks": "", "benchmark_threshold_pct": 0.3, "benchmark_threshold_pct_by_benchmark": {}, "sanity_check_required_gpus_per_node": "4,8,16", "do_pressure_test": false, "benchmark_iterations": 60, "enable_numa_run": false, "max_num_of_sanity_check_restart": 0, "max_cluster_blacklist_node_per_check": 3, "enable_deter_mode_check": false, "_required_gpus_per_node": [4, 8, 16]}
[2026-05-07 02:26:14] [2026-05-07 02:26:13,207 AIMaster] (sanity_check_controller.py 415) INFO: Set sanitycheck active container type to 'init'
[2026-05-07 02:26:14] [2026-05-07 02:26:13,214 AIMaster] (sanity_checker_status_manager.py 161) INFO: sanity_checker_status_collecter_thread created and start running.
[2026-05-07 02:26:14] [2026-05-07 02:26:13,214 AIMaster] (sanity_checker_status_manager.py 49) INFO: Sanity checker status manager Initialized.
[2026-05-07 02:26:14] [2026-05-07 02:26:13,214 AIMaster] (sanity_check_controller.py 127) WARNING: Update sanity check controller status to CHECKING_WAITING
[2026-05-07 02:26:14] [2026-05-07 02:26:13,214 AIMaster] (config.py 258) INFO: overwrite enable_job_hang_detection False to False
[2026-05-07 02:26:14] [2026-05-07 02:26:13,214 AIMaster] (config.py 260) INFO: overwrite enable_restart_on_job_hang True to False
[2026-05-07 02:26:14] [2026-05-07 02:26:13,214 AIMaster] (config.py 306) INFO: overwrite enable_ops_reported_error_detection False to True
[2026-05-07 02:26:14] [2026-05-07 02:26:13,214 AIMaster] (config.py 354) INFO: Using the InJobRecreate job restart policy.
[2026-05-07 02:26:14] [2026-05-07 02:26:13,214 AIMaster] (sanity_check_controller.py 434) INFO: Set sanitycheck active anomalous nodes manager to 'init'
[2026-05-07 02:26:14] [2026-05-07 02:26:13,214 AIMaster] (aimaster_state_manager.py 103) INFO: Register 'SanityCheckController' object in aimaster state manager.
[2026-05-07 02:26:14] [2026-05-07 02:26:13,215 AIMaster] (perftracker_config.py 43) INFO: Enabled perftrakcer analyzers: ['cuda_runtimes', 'hang_diagnosis', 'compute_functions', 'python_functions', 'performance_diagnosis', 'hang_check', 'get_details', 'gpu_mem', 'communication_functions']
[2026-05-07 02:26:14] [2026-05-07 02:26:13,215 AIMaster] (aimaster_state_manager.py 103) INFO: Register 'PerfTrackerController' object in aimaster state manager.
[2026-05-07 02:26:14] [2026-05-07 02:26:13,215 AIMaster] (perftracker_controller.py 68) INFO: Job perftracker enabled: True
[2026-05-07 02:26:14] [2026-05-07 02:26:13,215 PerfTracker] (tunnel_server.py 216) INFO: Branch: None
[2026-05-07 02:26:14] [2026-05-07 02:26:13,216 PerfTracker] (tunnel_server.py 217) INFO: Commit: fe9044156d29727feb7aae7f66660d25e0dd0a9a, Build time: 2026-02-04 17:34:39
[2026-05-07 02:26:14] [2026-05-07 02:26:13,216 PerfTracker] (tunnel_server.py 218) INFO: Initializing Analyzer Server Instance...
[2026-05-07 02:26:14] [2026-05-07 02:26:13,216 PerfTracker] (tunnel_server.py 256) INFO: Analyzer Server Initialized.
[2026-05-07 02:26:14] [2026-05-07 02:26:13,216 PerfTracker] (tunnel_server.py 390) INFO: Starting Analyzer Server on AIMaster...
[2026-05-07 02:26:14] [2026-05-07 02:26:13,218 PerfTracker] (tunnel_server.py 397) INFO: Analyzer Server Started.
[2026-05-07 02:26:14] [2026-05-07 02:26:13,218 AIMaster] (metric_manager.py 123) INFO: metric_handler_thread created and start running.
[2026-05-07 02:26:14] [2026-05-07 02:26:13,219 AIMaster] (job_monitor_controller.py 97) INFO: actions_handler_thread created and start running.
[2026-05-07 02:26:14] [2026-05-07 02:26:13,220 AIMaster] (job_monitor_controller.py 120) INFO: job_status_collecter_thread created and start running.
[2026-05-07 02:26:14] [2026-05-07 02:26:13,220 AIMaster] (job_monitor_controller_k8s.py 1028) INFO: Job task role count: {'master': 1, 'worker': 1}
[2026-05-07 02:26:14] [2026-05-07 02:26:13,220 AIMaster] (config.py 258) INFO: overwrite enable_job_hang_detection False to False
[2026-05-07 02:26:14] [2026-05-07 02:26:13,220 AIMaster] (config.py 260) INFO: overwrite enable_restart_on_job_hang True to False
[2026-05-07 02:26:14] [2026-05-07 02:26:13,220 AIMaster] (config.py 306) INFO: overwrite enable_ops_reported_error_detection False to True
[2026-05-07 02:26:14] [2026-05-07 02:26:13,220 AIMaster] (config.py 354) INFO: Using the InJobRecreate job restart policy.
[2026-05-07 02:26:14] [2026-05-07 02:26:13,220 AIMaster] (aimaster_state_manager.py 103) INFO: Register 'RetryableErrorMgr' object in aimaster state manager.
[2026-05-07 02:26:14] [2026-05-07 02:26:13,238 AIMaster] (runtime_error_detector.py 290) INFO: Monitor training metric consumed_samples from dlcfwzrpm5k45awi-worker-0, metric stale timeout: -1s, metric extract pattern: consumed samples:\s*(\d+)\s+
[2026-05-07 02:26:14] [2026-05-07 02:26:13,239 AIMaster] (job_init_error_analyzer.py 74) INFO: Job init error patterns: {'torch\\.distributed\\.DistStoreError: (Socket Timeout|Timed out after)', 'ASSIGNED_RANKS_PREFIX[\\s\\S]*torch\\.distributed\\.DistNetworkError', 'ValueError: Total available.*is less than total desired'}
[2026-05-07 02:26:14] [2026-05-07 02:26:13,239 AIMaster] (job_init_error_analyzer.py 76) INFO: Job init bad worker patterns: {'WorkerConnectFailed': 'The IPv6 network addresses of .* cannot be retrieved'}
[2026-05-07 02:26:14] [2026-05-07 02:26:13,239 AIMaster] (failed_worker_manager.py 129) INFO: Enable unretryable error analyzer: True
[2026-05-07 02:26:14] [2026-05-07 02:26:13,239 AIMaster] (job_monitor_controller_k8s.py 863) INFO: Pod terminating timeout is 600s
[2026-05-07 02:26:14] [2026-05-07 02:26:13,239 AIMaster] (job_monitor_controller_k8s.py 880) INFO: Max blacklist node count is 100
[2026-05-07 02:26:14] [2026-05-07 02:26:13,239 AIMaster] (metric_manager.py 77) INFO: Attached metric subscriber 'JobMessageManager'
[2026-05-07 02:26:14] [2026-05-07 02:26:13,239 AIMaster] (metric_manager.py 77) INFO: Attached metric subscriber 'AIMasterWorkerManager'
[2026-05-07 02:26:14] [2026-05-07 02:26:13,240 AIMaster] (job_monitor_controller_k8s.py 1663) INFO: perftracker controller set job status: Pending
[2026-05-07 02:26:14] [2026-05-07 02:26:13.240 AIMaster] (perftracker_manager.cc 39) INFO: Set perftracker job status `Pending`
[2026-05-07 02:26:14] [2026-05-07 02:26:13,240 AIMaster] (aimaster_agent.py 143) INFO: AIMaster agent is not enabled, skipping setup.
[2026-05-07 02:26:14] [2026-05-07 02:26:13,240 AIMaster] (rotation_debug_controller.py 88) INFO: RotationDebugController initialized: enabled=False, job_pod_num=2, hypernode_mode=False, hypernode_min_available=1, config_path=N/A
[2026-05-07 02:26:14] [2026-05-07 02:26:13,240 AIMaster] (job_monitor_controller_k8s.py 341) INFO: Job monitor initialized, monitor_enabled: True, job_type: pytorch, total_worker_count: 2, job_restart_timeout: 1800, auto_pystack_enabled: False, job_restart_policy: InJobRecreate, hypernode_min_available: 1, local_detection_enabled: False, job_failover_generation: 0, engine_state: Waiting, monitor_configs: {"job_execution_mode": "Sync", "enable_job_restart": true, "max_num_of_job_restart": 10, "max_tolerated_failure_rate": -1, "enable_storage_usage_detection": false, "storage_detect_dir": ".storage_detect_dir", "storage_detect_size_in_mb": 512, "storage_detect_fs_types": "fuse.aliyun-alinas-efc", "enable_job_hang_detection": false, "enable_restart_on_job_hang": false, "job_hang_interval": 1800, "job_hang_detect_interval": 120, "enable_job_hang_auto_pystack": false, "enable_c4d_hang_detection": false, "enable_c4d_error_handler": false, "enable_local_detection": false, "job_hang_notification_time": 0, "enable_job_exit_hang_detection": false, "worker_name_to_detect_for_job_hang": null, "metric_name_to_detect_for_job_hang": "consumed_samples", "metric_pattern_for_job_hang_detection": "consumed samples:\\s*(\\d+)\\s+", "job_exit_hang_interval": 600, "enable_ops_reported_error_detection": true, "enable_ops_reported_network_error_detection": false, "enable_log_redirect_to_nas": false, "max_num_of_same_error": 365, "fault_tolerant_policy": "OnFailure", "job_max_running_time": -1, "job_max_rescheduling_time": 31536000, "enable_eviction_detection": true, "max_num_of_job_restart_for_eviction": 10, "max_waiting_time_for_eviction": 300, "enable_cluster_level_blacklist": true, "enable_job_level_blacklist": true, "job_restart_timeout": 1800, "enable_chief_failover": false, "enable_ps_failover": false, "max_waiting_time_for_chief_ps_failover": 300, "job_restart_policy": "InJobRecreate", "job_inplace_restart_enabled": false, "job_metric_stale_timeout": -1, "enable_show_original_node_name": false, "job_type": "pytorch", "job_worker_count": 2, "_settings_from_user": {}, "pod_terminating_hang_handle_threshold": 2}
[2026-05-07 02:26:14] [2026-05-07 02:26:13,240 AIMaster] (aimaster_state_manager.py 103) INFO: Register 'JobMonitorController' object in aimaster state manager.
[2026-05-07 02:26:14] [2026-05-07 02:26:13,240 AIMaster] (aimaster_worker_manager.py 140) INFO: job_train_metrics_mgr started.
[2026-05-07 02:26:14] [2026-05-07 02:26:13,240 AIMaster] (aimaster_worker_manager.py 147) INFO: The 'error_log_processor' thread starts running.
[2026-05-07 02:26:14] [2026-05-07 02:26:13,241 AIMaster] (aimaster_worker_manager.py 154) INFO: The 'job_log_info_processor' thread starts running.
[2026-05-07 02:26:14] [2026-05-07 02:26:13,241 AIMaster] (aimaster_worker_manager.py 161) INFO: The 'node_xid_processor' thread starts running.
[2026-05-07 02:26:14] [2026-05-07 02:26:13,241 AIMaster] (aimaster_worker_manager.py 412) INFO: upload job metrics enabled: False with upload interval 60
[2026-05-07 02:26:14] [2026-05-07 02:26:13,241 AIMaster] (aimaster_worker_manager.py 168) INFO: The 'easytracker_job_metric_processor' thread starts running.
[2026-05-07 02:26:14] [2026-05-07 02:26:13,241 AIMaster] (aimaster_worker_manager.py 175) INFO: The 'rank_info_processor' thread starts running.
[2026-05-07 02:26:14] [2026-05-07 02:26:13,241 AIMaster] (aimaster_worker_manager.py 182) INFO: The 'mesh_info_processor' thread starts running.
[2026-05-07 02:26:14] [2026-05-07 02:26:13,242 AIMaster] (aimaster_state_persister.py 123) INFO: Loading object states from configmap dlcfwzrpm5k45awi-aimaster-config
[2026-05-07 02:26:14] [2026-05-07 02:26:13,247 AIMaster] (aimaster_state_manager.py 112) INFO: Loaded object states: {'checkpoint': {}}
[2026-05-07 02:26:14] [2026-05-07 02:26:13,247 AIMaster] (aimaster_state_manager.py 115) INFO: Resuming 'JobMessageManager' object state.
[2026-05-07 02:26:14] [2026-05-07 02:26:13,247 AIMaster] (aimaster_state_manager.py 115) INFO: Resuming 'AIMasterWorkerManager' object state.
[2026-05-07 02:26:14] [2026-05-07 02:26:13,247 AIMaster] (aimaster_state_manager.py 115) INFO: Resuming 'AIMasterAgentManager' object state.
[2026-05-07 02:26:14] [2026-05-07 02:26:13,247 AIMaster] (aimaster_state_manager.py 115) INFO: Resuming 'C4DManager' object state.
[2026-05-07 02:26:14] [2026-05-07 02:26:13,247 AIMaster] (aimaster_state_manager.py 115) INFO: Resuming 'SanityCheckController' object state.
[2026-05-07 02:26:14] [2026-05-07 02:26:13,247 AIMaster] (aimaster_state_manager.py 115) INFO: Resuming 'PerfTrackerController' object state.
[2026-05-07 02:26:14] [2026-05-07 02:26:13,247 AIMaster] (aimaster_state_manager.py 115) INFO: Resuming 'RetryableErrorMgr' object state.
[2026-05-07 02:26:14] [2026-05-07 02:26:13,247 AIMaster] (aimaster_state_manager.py 115) INFO: Resuming 'JobMonitorController' object state.
[2026-05-07 02:26:14] [2026-05-07 02:26:13,247 AIMaster] (k8s_torch_job_controller.py 162) INFO: Set ready state for stateful controllers.
[2026-05-07 02:26:14] [2026-05-07 02:26:13,252 AIMaster] (perftracker_controller.py 102) INFO: Set perftracker settings updated state.
[2026-05-07 02:26:14] [2026-05-07 02:26:13,252 AIMaster] (k8s_torch_job_controller.py 185) INFO: Start creating job plan.
[2026-05-07 02:26:14] [2026-05-07 02:26:13,252 AIMaster] (k8s_torch_job_controller.py 187) WARNING: Skip creating new job plan after aimaster ready.
[2026-05-07 02:26:14] [2026-05-07 02:26:13,252 AIMaster] (k8s_torch_job_controller.py 219) INFO: Start submitting job plan.
[2026-05-07 02:26:14] [2026-05-07 02:26:13,252 AIMaster] (k8s_torch_job_controller.py 221) WARNING: Skip submitting new job plan after aimaster ready.
[2026-05-07 02:26:14] [2026-05-07 02:26:13,252 AIMaster] (k8s_torch_job_controller.py 418) INFO: Start reconciling this PyTorch job.
[2026-05-07 02:26:14] [2026-05-07 02:26:13,265 PerfTracker] (hang_check.py 244) INFO: Start hang check analysis in background..
[2026-05-07 02:26:18] [2026-05-07 02:26:18,286 AIMaster] (job_monitor_controller_k8s.py 956) INFO: Job monitor controller started.
[2026-05-07 02:26:18] [2026-05-07 02:26:18,336 AIMaster] (pod_manager.py 415) INFO: Pod Category Summary (Total pods: 2)
[2026-05-07 02:26:18] | Category           |   Count | Percentage   | Pods                                                   |
[2026-05-07 02:26:18] |--------------------|---------|--------------|--------------------------------------------------------|
[2026-05-07 02:26:18] | Pending            |       2 | 100.0%       | [dlcfwzrpm5k45awi-master-0, dlcfwzrpm5k45awi-worker-0] |
[2026-05-07 02:26:18] | Running            |       0 | 0.0%         |                                                        |
[2026-05-07 02:26:18] | Succeeded          |       0 | 0.0%         |                                                        |
[2026-05-07 02:26:18] | Failed             |       0 | 0.0%         |                                                        |
[2026-05-07 02:26:18] | Terminating        |       0 | 0.0%         |                                                        |
[2026-05-07 02:26:18] | Scheduler_evicting |       0 | 0.0%         |                                                        |
[2026-05-07 02:26:18] | Aiph_node_error    |       0 | 0.0%         |                                                        |
[2026-05-07 02:26:18] | Unknown            |       0 | 0.0%         |                                                        |
[2026-05-07 02:26:18] 
[2026-05-07 02:26:18] [2026-05-07 02:26:18,336 AIMaster] (job_monitor_controller_k8s.py 1099) INFO: All workers: 2, running: 0, failed: 0, pending: 2
[2026-05-07 02:26:18] [2026-05-07 02:26:18,383 AIMaster] (ops_reported_error_detector.py 103) INFO: Detecting whether the job is affected by errors reported by ops platform.
[2026-05-07 02:26:18] [2026-05-07 02:26:18,409 AIMaster] (aimaster_failover_controller.py 81) INFO: Detecting whether aimaster should be migrated.
[2026-05-07 02:26:23] [2026-05-07 02:26:23,431 AIMaster] (pod_manager.py 288) INFO: Job Pod-to-Node Mapping (Count: 2):
[2026-05-07 02:26:23] |    |   RestartIndex | PodName                   | NodeName     | LRN                                 |
[2026-05-07 02:26:23] |---:|---------------:|:--------------------------|:-------------|:------------------------------------|
[2026-05-07 02:26:23] |  0 |              0 | dlcfwzrpm5k45awi-master-0 | m21519n14019 | lingjjzxfyht3hny-mg1tqb9xmj7hpekd-0 |
[2026-05-07 02:26:23] |  1 |              0 | dlcfwzrpm5k45awi-worker-0 | m21519n1400w | lingjjzxfyht3hny-mgldvevd51o2qeh9-0 |
[2026-05-07 02:26:23] [2026-05-07 02:26:23,431 AIMaster] (pod_manager.py 289) INFO: Job allocated 2 nodes: m21519n14019,m21519n1400w
[2026-05-07 02:26:23] [2026-05-07 02:26:23,431 AIMaster] (node_manager.py 43) INFO: Set current job nodes, node count: 2
[2026-05-07 02:26:23] [2026-05-07 02:26:23,471 AIMaster] (job_monitor_controller_k8s.py 1099) INFO: All workers: 2, running: 0, failed: 0, pending: 2
[2026-05-07 02:26:23] [2026-05-07 02:26:23,471 AIMaster] (ops_reported_error_detector.py 103) INFO: Detecting whether the job is affected by errors reported by ops platform.
[2026-05-07 02:26:48] [2026-05-07 02:26:48,630 AIMaster] (job_monitor_controller_k8s.py 1099) INFO: All workers: 2, running: 0, failed: 0, pending: 2
[2026-05-07 02:27:04] [2026-05-07 02:27:03,706 AIMaster] (job_monitor_controller_k8s.py 1099) INFO: All workers: 2, running: 0, failed: 0, pending: 2
[2026-05-07 02:27:04] [2026-05-07 02:27:03,706 AIMaster] (ops_reported_error_detector.py 103) INFO: Detecting whether the job is affected by errors reported by ops platform.
[2026-05-07 02:27:09] [2026-05-07 02:27:08,776 AIMaster] (job_monitor_controller_k8s.py 1099) INFO: All workers: 2, running: 0, failed: 0, pending: 2
[2026-05-07 02:27:09] [2026-05-07 02:27:08,777 AIMaster] (ops_reported_error_detector.py 103) INFO: Detecting whether the job is affected by errors reported by ops platform.
[2026-05-07 02:27:12] [2026-05-07 02:27:12,422 AIMaster] (config.py 347) INFO: Try loading config from pai-aimaster-new configmap.
[2026-05-07 02:27:14] [2026-05-07 02:27:13,844 AIMaster] (job_monitor_controller_k8s.py 1099) INFO: All workers: 2, running: 0, failed: 0, pending: 2
[2026-05-07 02:27:14] [2026-05-07 02:27:13,844 AIMaster] (ops_reported_error_detector.py 103) INFO: Detecting whether the job is affected by errors reported by ops platform.
[2026-05-07 02:27:14] WARN: ./requirements.txt not found, skip installing requirements.
[2026-05-07 02:27:14] bash: /mnt/data/ebft-distribution-new/code/scripts/setup_env.sh: No such file or directory
[2026-05-07 02:27:19] [2026-05-07 02:27:18,908 AIMaster] (pod_manager.py 415) INFO: Pod Category Summary (Total pods: 2)
[2026-05-07 02:27:19] | Category           |   Count | Percentage   | Pods                        |
[2026-05-07 02:27:19] |--------------------|---------|--------------|-----------------------------|
[2026-05-07 02:27:19] | Pending            |       1 | 50.0%        | [dlcfwzrpm5k45awi-worker-0] |
[2026-05-07 02:27:19] | Running            |       1 | 50.0%        | [dlcfwzrpm5k45awi-master-0] |
[2026-05-07 02:27:19] | Succeeded          |       0 | 0.0%         |                             |
[2026-05-07 02:27:19] | Failed             |       0 | 0.0%         |                             |
[2026-05-07 02:27:19] | Terminating        |       0 | 0.0%         |                             |
[2026-05-07 02:27:19] | Scheduler_evicting |       0 | 0.0%         |                             |
[2026-05-07 02:27:19] | Aiph_node_error    |       0 | 0.0%         |                             |
[2026-05-07 02:27:19] | Unknown            |       0 | 0.0%         |                             |
[2026-05-07 02:27:19] 
[2026-05-07 02:27:19] [2026-05-07 02:27:18,908 AIMaster] (job_monitor_controller_k8s.py 1099) INFO: All workers: 2, running: 1, failed: 0, pending: 1
[2026-05-07 02:27:19] [2026-05-07 02:27:18,908 AIMaster] (job_monitor_controller_k8s.py 1107) INFO: Pending workers: ['worker#0']
[2026-05-07 02:27:19] [2026-05-07 02:27:18,909 AIMaster] (ops_reported_error_detector.py 103) INFO: Detecting whether the job is affected by errors reported by ops platform.
[2026-05-07 02:27:24] [2026-05-07 02:27:23,975 AIMaster] (job_monitor_controller_k8s.py 1099) INFO: All workers: 2, running: 1, failed: 0, pending: 1
[2026-05-07 02:27:24] [2026-05-07 02:27:23,975 AIMaster] (job_monitor_controller_k8s.py 1107) INFO: Pending workers: ['worker#0']
[2026-05-07 02:27:24] [2026-05-07 02:27:23,975 AIMaster] (ops_reported_error_detector.py 103) INFO: Detecting whether the job is affected by errors reported by ops platform.
[2026-05-07 02:27:29] [2026-05-07 02:27:29,047 AIMaster] (job_monitor_controller_k8s.py 1099) INFO: All workers: 2, running: 1, failed: 0, pending: 1
[2026-05-07 02:27:29] [2026-05-07 02:27:29,047 AIMaster] (job_monitor_controller_k8s.py 1107) INFO: Pending workers: ['worker#0']
[2026-05-07 02:27:29] [2026-05-07 02:27:29,047 AIMaster] (ops_reported_error_detector.py 103) INFO: Detecting whether the job is affected by errors reported by ops platform.
[2026-05-07 02:27:34] [2026-05-07 02:27:34,080 AIMaster] (pod_manager.py 338) INFO: Job Pod-to-IPs Mapping (Count: 2):
[2026-05-07 02:27:34] |    |   RestartIndex | PodName                   | InterfaceIps                                                                                                                                        | NodeName     | LRN                                 |
[2026-05-07 02:27:34] |---:|---------------:|:--------------------------|:----------------------------------------------------------------------------------------------------------------------------------------------------|:-------------|:------------------------------------|
[2026-05-07 02:27:34] |  0 |              0 | dlcfwzrpm5k45awi-master-0 | {"eth0":["22.27.118.103"],"eth1":["22.27.121.71"],"eth2":["22.27.122.72"],"eth3":["22.27.127.213"],"lo":["127.0.0.1","::1"],"net0":["10.1.53.149"]} | m21519n14019 | lingjjzxfyht3hny-mg1tqb9xmj7hpekd-0 |
[2026-05-07 02:27:34] |  1 |              0 | dlcfwzrpm5k45awi-worker-0 | {"eth0":["22.27.115.155"],"eth1":["22.27.113.15"],"eth2":["22.27.114.213"],"eth3":["22.27.121.78"],"lo":["127.0.0.1","::1"],"net0":["10.1.53.150"]} | m21519n1400w | lingjjzxfyht3hny-mgldvevd51o2qeh9-0 |
[2026-05-07 02:27:34] 
[2026-05-07 02:27:34] [2026-05-07 02:27:34,110 AIMaster] (job_monitor_controller_k8s.py 1099) INFO: All workers: 2, running: 1, failed: 0, pending: 1
[2026-05-07 02:27:34] [2026-05-07 02:27:34,110 AIMaster] (job_monitor_controller_k8s.py 1107) INFO: Pending workers: ['worker#0']
[2026-05-07 02:27:34] [2026-05-07 02:27:34,110 AIMaster] (ops_reported_error_detector.py 103) INFO: Detecting whether the job is affected by errors reported by ops platform.
[2026-05-07 02:27:39] [2026-05-07 02:27:39,173 AIMaster] (pod_manager.py 415) INFO: Pod Category Summary (Total pods: 2)
[2026-05-07 02:27:39] | Category           |   Count | Percentage   | Pods                        |
[2026-05-07 02:27:39] |--------------------|---------|--------------|-----------------------------|
[2026-05-07 02:27:39] | Pending            |       1 | 50.0%        | [dlcfwzrpm5k45awi-worker-0] |
[2026-05-07 02:27:39] | Failed             |       1 | 50.0%        | [dlcfwzrpm5k45awi-master-0] |
[2026-05-07 02:27:39] | Running            |       0 | 0.0%         |                             |
[2026-05-07 02:27:39] | Succeeded          |       0 | 0.0%         |                             |
[2026-05-07 02:27:39] | Terminating        |       0 | 0.0%         |                             |
[2026-05-07 02:27:39] | Scheduler_evicting |       0 | 0.0%         |                             |
[2026-05-07 02:27:39] | Aiph_node_error    |       0 | 0.0%         |                             |
[2026-05-07 02:27:39] | Unknown            |       0 | 0.0%         |                             |
[2026-05-07 02:27:39] 
[2026-05-07 02:27:39] [2026-05-07 02:27:39,173 AIMaster] (job_monitor_controller_k8s.py 1099) INFO: All workers: 2, running: 0, failed: 1, pending: 1
[2026-05-07 02:27:39] [2026-05-07 02:27:39,173 AIMaster] (job_monitor_controller_k8s.py 1573) WARNING: Handle failed workers: {'master': ['0']}
[2026-05-07 02:27:39] [2026-05-07 02:27:39,212 AIMaster] (utils.py 153) INFO: Function parse_failed_worker run time is 0.0383s
[2026-05-07 02:27:39] [2026-05-07 02:27:39,212 AIMaster] (job_monitor_controller_k8s.py 1336) INFO: Detecting anomalous node from 2 workers.
[2026-05-07 02:27:39] [2026-05-07 02:27:39,212 AIMaster] (kubernetes_job_tracker.py 572) INFO: Fetching logs from 2 pods in namespace 't1245621648665098' using pre-created thread pool (15 workers). Total timeout: 300s, Pod timeout: 2s, Additional args: {'tail_lines': 200}
[2026-05-07 02:27:39] [2026-05-07 02:27:39,226 AIMaster] (kubernetes_job_tracker.py 621) WARNING: [ThreadPoolExecutor-0_6] Failed to fetch logs for pod dlcfwzrpm5k45awi-worker-0: (400)
[2026-05-07 02:27:39] Reason: Bad Request
[2026-05-07 02:27:39] HTTP response headers: HTTPHeaderDict({'Audit-Id': '642ee3f0-66b0-43b5-9475-539222aaacd6', 'Cache-Control': 'no-cache, private', 'Content-Type': 'application/json', 'Date': 'Wed, 06 May 2026 18:27:39 GMT', 'Content-Length': '210'})
[2026-05-07 02:27:39] HTTP response body: {"kind":"Status","apiVersion":"v1","metadata":{},"status":"Failure","message":"container \"pytorch\" in pod \"dlcfwzrpm5k45awi-worker-0\" is waiting to start: PodInitializing","reason":"BadRequest","code":400}
[2026-05-07 02:27:39] 
[2026-05-07 02:27:39] 
[2026-05-07 02:27:39] [2026-05-07 02:27:39,229 AIMaster] (kubernetes_job_tracker.py 663) INFO: Batch log fetching completed in 0.0166s with 1/2 pods successful
[2026-05-07 02:27:39] 
Detecting anomalous node from pods:   0%|          | 0/2 [00:00<?, ?it/s]
Detecting anomalous node from pods: 100%|██████████| 2/2 [00:00<00:00, 981.81it/s]
[2026-05-07 02:27:39] [2026-05-07 02:27:39,234 AIMaster] (utils.py 153) INFO: Function AnomalousNodeDetector.detect run time is 0.0224s
[2026-05-07 02:27:39] [2026-05-07 02:27:39,236 AIMaster] (anomalous_nodes_manager.py 204) INFO: Job level blacklist node error history
[2026-05-07 02:27:39] # History accumulation for node error information of job level blacklist, not indicate this round restarting!!!
[2026-05-07 02:27:39] # Please check log(or others) like "Handle failed workers: xxx" for this round restarting.
[2026-05-07 02:27:39] | NodeName                            | ErrorMessage   |   ErrorCount |   ErrorScore | IsBlacklisted   | UpdateTime           |
[2026-05-07 02:27:39] |:------------------------------------|:---------------|-------------:|-------------:|:----------------|:---------------------|
[2026-05-07 02:27:39] | lingjjzxfyht3hny-mg1tqb9xmj7hpekd-0 | Failed         |            1 |            0 | No              | 2026-05-06T18:27:39Z |
[2026-05-07 02:27:39] [2026-05-07 02:27:39,236 AIMaster] (job_monitor_controller_k8s.py 1411) WARNING: Detected 1 potential anomalous node(s), detail: [{'Node': 'm21519n14019', 'Pod': 'dlcfwzrpm5k45awi-master-0', 'ErrorCode': '14', 'ErrorMsg': 'No such file or directory', 'AddNodeToBlacklist': False, 'NeedNotification': True, 'RawLog': 'bash: /mnt/data/ebft-distribution-new/code/scripts/setup_env.sh: No such file or directory'}]
[2026-05-07 02:27:39] [2026-05-07 02:27:39,236 AIMaster] (job_monitor_controller_k8s.py 1465) INFO: NCCL warning pods: []
[2026-05-07 02:27:39] [2026-05-07 02:27:39,241 AIMaster] (manager.py 120) INFO: Add a new job message, version: 1, level: Warning, source: System
[2026-05-07 02:27:39] [2026-05-07 02:27:39,241 AIMaster] (job_monitor_controller_k8s.py 1470) INFO: Potential anomalous nodes count: 1, details: [{'Node': 'm21519n14019', 'Pod': 'dlcfwzrpm5k45awi-master-0', 'ErrorCode': '14', 'ErrorMsg': 'No such file or directory', 'AddNodeToBlacklist': False, 'NeedNotification': True, 'RawLog': 'bash: /mnt/data/ebft-distribution-new/code/scripts/setup_env.sh: No such file or directory'}]
[2026-05-07 02:27:39] [2026-05-07 02:27:39,241 AIMaster] (job_monitor_controller_k8s.py 1480) INFO: Blacklist nodes count (after filtering): 0, cluster blacklist enabled: True, job blacklist enabled: True, details: []
[2026-05-07 02:27:39] [2026-05-07 02:27:39,245 AIMaster] (manager.py 120) INFO: Add a new job message, version: 2, level: Warning, source: System
[2026-05-07 02:27:39] [2026-05-07 02:27:39,245 AIMaster] (job_monitor_controller_k8s.py 2108) WARNING: Restarting job.
[2026-05-07 02:27:39] [2026-05-07 02:27:39,245 AIMaster] (job_monitor_controller_k8s.py 1663) INFO: perftracker controller set job status: Restarting
[2026-05-07 02:27:39] [2026-05-07 02:27:39.246 AIMaster] (perftracker_manager.cc 39) INFO: Set perftracker job status `Restarting`
[2026-05-07 02:27:39] [2026-05-07 02:27:39,252 AIMaster] (job_status_manager.py 70) WARNING: Update job status to Restarting, reason: 
[2026-05-07 02:27:39] [2026-05-07 02:27:39,261 AIMaster] (kubernetes_job_tracker.py 184) INFO: New job patch: [{'op': 'add', 'path': '/metadata/annotations/kubedl.io~1expected-job-status', 'value': '{"JobState": "Restarting", "Message": "", "Source": "System"}'}]
[2026-05-07 02:27:39] [2026-05-07 02:27:39,307 AIMaster] (job_monitor_controller_k8s.py 1663) INFO: perftracker controller set job status: Restarting
[2026-05-07 02:27:39] [2026-05-07 02:27:39.307 AIMaster] (perftracker_manager.cc 39) INFO: Set perftracker job status `Restarting`
[2026-05-07 02:27:39] [2026-05-07 02:27:39,310 AIMaster] (kubernetes_job_tracker.py 184) INFO: New job patch: [{'op': 'add', 'path': '/metadata/annotations/kubedl.io~1add-aimaster-message', 'value': '{"MessageContent": "Node: m21519n14019, Instance: dlcfwzrpm5k45awi-master-0, ErrorMsg: bash: /mnt/data/ebft-distribution-new/code/scripts/setup_env.sh: No such file or directory, AddNodeToBlacklist: no ;", "MessageVersion": 1, "MessageLevel": "Warning", "MessageSource": "System", "MessageCreateTime": "2026-05-07T02:27:39.236548+08:00", "MessageEvent": "\\u53d1\\u73b0\\u6545\\u969c\\u673a\\u5668", "Extended": "{}"}'}]
[2026-05-07 02:27:39] [2026-05-07 02:27:39,332 AIMaster] (kubernetes_job_tracker.py 184) INFO: New job patch: [{'op': 'add', 'path': '/metadata/annotations/pai.alibabacloud.com~1job-failover-generation', 'value': '1'}, {'op': 'add', 'path': '/metadata/annotations/kubedl.io~1immediately-start-worker', 'value': 'true'}, {'op': 'add', 'path': '/metadata/annotations/pai.alibabacloud.com~1job-restart-info', 'value': '{"OccurTime": "2026-05-06T18:27:39Z", "OccurPhase": "Running", "Reason": "No such file or directory", "TriggerID": "-ypDuxJVRFqdOSWX4kvoJg", "JobRestartCount": 1, "DetailErrorInfoList": [{"Node": "lingjjzxfyht3hny-mg1tqb9xmj7hpekd-0", "Pod": "dlcfwzrpm5k45awi-master-0", "ErrorCode": "14", "ErrorMsg": "No such file or directory", "DetailErrorMsg": "bash: /mnt/data/ebft-distribution-new/code/scripts/setup_env.sh: No such file or directory", "AddNodeToBlacklist": false, "AddJobLevelBlacklist": false, "ErrorSource": "AIMaster", "IsGlobal": false, "Count": 1}, {"Node": "lingjjzxfyht3hny-mg1tqb9xmj7hpekd-0", "Pod": "dlcfwzrpm5k45awi-master-0", "ErrorCode": "499", "ErrorMsg": "WorkerFailed", "AddNodeToBlacklist": false, "AddJobLevelBlacklist": false, "ErrorSource": "AIMaster", "IsGlobal": false, "Count": 1}]}'}, {'op': 'add', 'path': '/metadata/annotations/kubedl.io~1job-failover-generation', 'value': '1'}, {'op': 'add', 'path': '/spec/pytorchReplicaSpecs/Worker/template/spec/containers/0/env/25', 'value': {'name': 'JOB_FAILOVER_GENERATION', 'value': '1'}}, {'op': 'add', 'path': '/spec/pytorchReplicaSpecs/Master/template/spec/containers/0/env/25', 'value': {'name': 'JOB_FAILOVER_GENERATION', 'value': '1'}}]
[2026-05-07 02:27:39] [2026-05-07 02:27:39,370 AIMaster] (job_monitor_controller_k8s.py 2168) INFO: Waiting for restart job patch to be triggered...
[2026-05-07 02:27:41] [2026-05-07 02:27:41,381 AIMaster] (job_monitor_controller_k8s.py 2170) INFO: Restart job patch has been triggered.
[2026-05-07 02:27:41] [2026-05-07 02:27:41,409 AIMaster] (job_monitor_controller_k8s.py 2197) INFO: Waiting for 1 workers to restart, ['dlcfwzrpm5k45awi-worker-0']
[2026-05-07 02:27:54] [2026-05-07 02:27:54,322 AIMaster] (kubernetes_job_tracker.py 184) INFO: New job patch: [{'op': 'replace', 'path': '/metadata/annotations/kubedl.io~1add-aimaster-message', 'value': '{"MessageContent": "\\u4efb\\u52a1\\u90e8\\u5206\\u5b9e\\u4f8b\\u8fd0\\u884c\\u5931\\u8d25, \\u5305\\u62ec {\'master\': [\'0\']}", "MessageVersion": 2, "MessageLevel": "Warning", "MessageSource": "System", "MessageCreateTime": "2026-05-07T02:27:39.173835+08:00", "JobRestartCount": 1, "RestartType": "Job", "MessageEvent": "\\u4efb\\u52a1\\u7b2c **1** \\u6b21\\u91cd\\u542f", "Extended": "{}"}'}]
[2026-05-07 02:28:01] [2026-05-07 02:28:01,459 AIMaster] (job_status_manager.py 90) INFO: Remove expected job status setting.
[2026-05-07 02:28:01] [2026-05-07 02:28:01,461 AIMaster] (kubernetes_job_tracker.py 184) INFO: New job patch: [{'op': 'replace', 'path': '/metadata/annotations/kubedl.io~1expected-job-status', 'value': ''}]
[2026-05-07 02:28:01] [2026-05-07 02:28:01,491 AIMaster] (job_restart_info_manager.py 108) INFO: Recorded job restart #1 at 1778092081.491411
[2026-05-07 02:28:01] [2026-05-07 02:28:01,500 AIMaster] (kubernetes_job_tracker.py 184) INFO: New job patch: [{'op': 'add', 'path': '/metadata/annotations/pai.alibabacloud.com~1job-restart-finish-info', 'value': '{"OccurTime": "2026-05-06T18:28:01Z", "RestartStatus": "Succeeded", "TriggerID": "-ypDuxJVRFqdOSWX4kvoJg", "RestartDurationInSec": 20, "JobRestartCount": 1}'}, {'op': 'replace', 'path': '/metadata/annotations/pai.alibabacloud.com~1job-restart-info', 'value': ''}]
[2026-05-07 02:28:01] [2026-05-07 02:28:01,545 AIMaster] (runtime_error_detector.py 517) INFO: Set training metric expired time to 1778092081.5450485
[2026-05-07 02:28:01] [2026-05-07 02:28:01,545 AIMaster] (utils.py 153) INFO: Function _restart_job run time is 22.2996s
[2026-05-07 02:28:06] [2026-05-07 02:28:06,577 AIMaster] (job_monitor_controller_k8s.py 956) INFO: Job monitor controller started.
[2026-05-07 02:28:06] [2026-05-07 02:28:06,608 AIMaster] (pod_manager.py 415) INFO: Pod Category Summary (Total pods: 2)
[2026-05-07 02:28:06] | Category           |   Count | Percentage   | Pods                                                   |
[2026-05-07 02:28:06] |--------------------|---------|--------------|--------------------------------------------------------|
[2026-05-07 02:28:06] | Pending            |       2 | 100.0%       | [dlcfwzrpm5k45awi-master-0, dlcfwzrpm5k45awi-worker-0] |
[2026-05-07 02:28:06] | Running            |       0 | 0.0%         |                                                        |
[2026-05-07 02:28:06] | Succeeded          |       0 | 0.0%         |                                                        |
[2026-05-07 02:28:06] | Failed             |       0 | 0.0%         |                                                        |
[2026-05-07 02:28:06] | Terminating        |       0 | 0.0%         |                                                        |
[2026-05-07 02:28:06] | Scheduler_evicting |       0 | 0.0%         |                                                        |
[2026-05-07 02:28:06] | Aiph_node_error    |       0 | 0.0%         |                                                        |
[2026-05-07 02:28:06] | Unknown            |       0 | 0.0%         |                                                        |
[2026-05-07 02:28:06] 
[2026-05-07 02:28:06] [2026-05-07 02:28:06,608 AIMaster] (job_monitor_controller_k8s.py 1099) INFO: All workers: 2, running: 0, failed: 0, pending: 2
[2026-05-07 02:28:06] [2026-05-07 02:28:06,608 AIMaster] (ops_reported_error_detector.py 103) INFO: Detecting whether the job is affected by errors reported by ops platform.
[2026-05-07 02:28:11] [2026-05-07 02:28:11,656 AIMaster] (pod_manager.py 288) INFO: Job Pod-to-Node Mapping (Count: 2):
[2026-05-07 02:28:11] |    |   RestartIndex | PodName                   | NodeName     | LRN                                 |
[2026-05-07 02:28:11] |---:|---------------:|:--------------------------|:-------------|:------------------------------------|
[2026-05-07 02:28:11] |  0 |              1 | dlcfwzrpm5k45awi-master-0 | m21519n14019 | lingjjzxfyht3hny-mg1tqb9xmj7hpekd-0 |
[2026-05-07 02:28:11] |  1 |              1 | dlcfwzrpm5k45awi-worker-0 | m21519n1400w | lingjjzxfyht3hny-mgldvevd51o2qeh9-0 |
[2026-05-07 02:28:11] [2026-05-07 02:28:11,656 AIMaster] (pod_manager.py 289) INFO: Job allocated 2 nodes: m21519n14019,m21519n1400w
[2026-05-07 02:28:11] [2026-05-07 02:28:11,656 AIMaster] (node_manager.py 43) INFO: Set current job nodes, node count: 2
[2026-05-07 02:28:11] [2026-05-07 02:28:11,656 AIMaster] (pod_manager.py 299) INFO: Job allocated node changes (restart index: 1)
[2026-05-07 02:28:11] Added nodes: none
[2026-05-07 02:28:11] Removed nodes: none
[2026-05-07 02:28:11] [2026-05-07 02:28:11,685 AIMaster] (job_monitor_controller_k8s.py 1099) INFO: All workers: 2, running: 0, failed: 0, pending: 2
[2026-05-07 02:28:11] [2026-05-07 02:28:11,685 AIMaster] (ops_reported_error_detector.py 103) INFO: Detecting whether the job is affected by errors reported by ops platform.
[2026-05-07 02:28:12] [2026-05-07 02:28:12,458 AIMaster] (config.py 347) INFO: Try loading config from pai-aimaster-new configmap.
[2026-05-07 02:28:22] [2026-05-07 02:28:21,733 AIMaster] (aimaster_failover_controller.py 81) INFO: Detecting whether aimaster should be migrated.
[2026-05-07 02:28:37] [2026-05-07 02:28:36,823 AIMaster] (job_monitor_controller_k8s.py 1099) INFO: All workers: 2, running: 0, failed: 0, pending: 2
[2026-05-07 02:28:52] [2026-05-07 02:28:51,896 AIMaster] (job_monitor_controller_k8s.py 1099) INFO: All workers: 2, running: 0, failed: 0, pending: 2
[2026-05-07 02:28:52] [2026-05-07 02:28:51,896 AIMaster] (ops_reported_error_detector.py 103) INFO: Detecting whether the job is affected by errors reported by ops platform.
[2026-05-07 02:28:57] [2026-05-07 02:28:56,965 AIMaster] (job_monitor_controller_k8s.py 1099) INFO: All workers: 2, running: 0, failed: 0, pending: 2
[2026-05-07 02:28:57] [2026-05-07 02:28:56,965 AIMaster] (ops_reported_error_detector.py 103) INFO: Detecting whether the job is affected by errors reported by ops platform.
[2026-05-07 02:29:02] [2026-05-07 02:29:02,026 AIMaster] (pod_manager.py 415) INFO: Pod Category Summary (Total pods: 2)
[2026-05-07 02:29:02] | Category           |   Count | Percentage   | Pods                        |
[2026-05-07 02:29:02] |--------------------|---------|--------------|-----------------------------|
[2026-05-07 02:29:02] | Pending            |       1 | 50.0%        | [dlcfwzrpm5k45awi-worker-0] |
[2026-05-07 02:29:02] | Running            |       1 | 50.0%        | [dlcfwzrpm5k45awi-master-0] |
[2026-05-07 02:29:02] | Succeeded          |       0 | 0.0%         |                             |
[2026-05-07 02:29:02] | Failed             |       0 | 0.0%         |                             |
[2026-05-07 02:29:02] | Terminating        |       0 | 0.0%         |                             |
[2026-05-07 02:29:02] | Scheduler_evicting |       0 | 0.0%         |                             |
[2026-05-07 02:29:02] | Aiph_node_error    |       0 | 0.0%         |                             |
[2026-05-07 02:29:02] | Unknown            |       0 | 0.0%         |                             |
[2026-05-07 02:29:02] 
[2026-05-07 02:29:02] [2026-05-07 02:29:02,027 AIMaster] (job_monitor_controller_k8s.py 1099) INFO: All workers: 2, running: 1, failed: 0, pending: 1
[2026-05-07 02:29:02] [2026-05-07 02:29:02,027 AIMaster] (job_monitor_controller_k8s.py 1107) INFO: Pending workers: ['worker#0']
[2026-05-07 02:29:02] [2026-05-07 02:29:02,027 AIMaster] (ops_reported_error_detector.py 103) INFO: Detecting whether the job is affected by errors reported by ops platform.
[2026-05-07 02:29:02] WARN: ./requirements.txt not found, skip installing requirements.
[2026-05-07 02:29:02] bash: /mnt/data/ebft-distribution-new/code/scripts/setup_env.sh: No such file or directory
[2026-05-07 02:29:07] [2026-05-07 02:29:07,090 AIMaster] (job_monitor_controller_k8s.py 1099) INFO: All workers: 2, running: 1, failed: 0, pending: 1
[2026-05-07 02:29:07] [2026-05-07 02:29:07,090 AIMaster] (job_monitor_controller_k8s.py 1107) INFO: Pending workers: ['worker#0']
[2026-05-07 02:29:07] [2026-05-07 02:29:07,090 AIMaster] (ops_reported_error_detector.py 103) INFO: Detecting whether the job is affected by errors reported by ops platform.
[2026-05-07 02:29:12] [2026-05-07 02:29:12,165 AIMaster] (job_monitor_controller_k8s.py 1099) INFO: All workers: 2, running: 1, failed: 0, pending: 1
[2026-05-07 02:29:12] [2026-05-07 02:29:12,165 AIMaster] (job_monitor_controller_k8s.py 1107) INFO: Pending workers: ['worker#0']
[2026-05-07 02:29:12] [2026-05-07 02:29:12,165 AIMaster] (ops_reported_error_detector.py 103) INFO: Detecting whether the job is affected by errors reported by ops platform.
[2026-05-07 02:29:12] [2026-05-07 02:29:12,496 AIMaster] (config.py 347) INFO: Try loading config from pai-aimaster-new configmap.
[2026-05-07 02:29:22] [2026-05-07 02:29:22,251 AIMaster] (pod_manager.py 415) INFO: Pod Category Summary (Total pods: 2)
[2026-05-07 02:29:22] | Category           |   Count | Percentage   | Pods                        |
[2026-05-07 02:29:22] |--------------------|---------|--------------|-----------------------------|
[2026-05-07 02:29:22] | Pending            |       1 | 50.0%        | [dlcfwzrpm5k45awi-worker-0] |
[2026-05-07 02:29:22] | Failed             |       1 | 50.0%        | [dlcfwzrpm5k45awi-master-0] |
[2026-05-07 02:29:22] | Running            |       0 | 0.0%         |                             |
[2026-05-07 02:29:22] | Succeeded          |       0 | 0.0%         |                             |
[2026-05-07 02:29:22] | Terminating        |       0 | 0.0%         |                             |
[2026-05-07 02:29:22] | Scheduler_evicting |       0 | 0.0%         |                             |
[2026-05-07 02:29:22] | Aiph_node_error    |       0 | 0.0%         |                             |
[2026-05-07 02:29:22] | Unknown            |       0 | 0.0%         |                             |
[2026-05-07 02:29:22] 
[2026-05-07 02:29:22] [2026-05-07 02:29:22,251 AIMaster] (job_monitor_controller_k8s.py 1099) INFO: All workers: 2, running: 0, failed: 1, pending: 1
[2026-05-07 02:29:22] [2026-05-07 02:29:22,251 AIMaster] (job_monitor_controller_k8s.py 1573) WARNING: Handle failed workers: {'master': ['0']}
[2026-05-07 02:29:22] [2026-05-07 02:29:22,289 AIMaster] (utils.py 153) INFO: Function parse_failed_worker run time is 0.0380s
[2026-05-07 02:29:22] [2026-05-07 02:29:22,289 AIMaster] (job_monitor_controller_k8s.py 1336) INFO: Detecting anomalous node from 2 workers.
[2026-05-07 02:29:22] [2026-05-07 02:29:22,289 AIMaster] (kubernetes_job_tracker.py 572) INFO: Fetching logs from 2 pods in namespace 't1245621648665098' using pre-created thread pool (15 workers). Total timeout: 300s, Pod timeout: 2s, Additional args: {'tail_lines': 200}
[2026-05-07 02:29:22] [2026-05-07 02:29:22,303 AIMaster] (kubernetes_job_tracker.py 621) WARNING: [ThreadPoolExecutor-0_2] Failed to fetch logs for pod dlcfwzrpm5k45awi-worker-0: (400)
[2026-05-07 02:29:22] Reason: Bad Request
[2026-05-07 02:29:22] HTTP response headers: HTTPHeaderDict({'Audit-Id': '45e2f35a-cfcc-40e0-ba3f-9160a38f399c', 'Cache-Control': 'no-cache, private', 'Content-Type': 'application/json', 'Date': 'Wed, 06 May 2026 18:29:22 GMT', 'Content-Length': '210'})
[2026-05-07 02:29:22] HTTP response body: {"kind":"Status","apiVersion":"v1","metadata":{},"status":"Failure","message":"container \"pytorch\" in pod \"dlcfwzrpm5k45awi-worker-0\" is waiting to start: PodInitializing","reason":"BadRequest","code":400}
[2026-05-07 02:29:22] 
[2026-05-07 02:29:22] 
[2026-05-07 02:29:22] [2026-05-07 02:29:22,303 AIMaster] (kubernetes_job_tracker.py 663) INFO: Batch log fetching completed in 0.0137s with 1/2 pods successful
[2026-05-07 02:29:22] 
Detecting anomalous node from pods:   0%|          | 0/2 [00:00<?, ?it/s]
Detecting anomalous node from pods: 100%|██████████| 2/2 [00:00<00:00, 11366.68it/s]
[2026-05-07 02:29:22] [2026-05-07 02:29:22,304 AIMaster] (utils.py 153) INFO: Function AnomalousNodeDetector.detect run time is 0.0144s
[2026-05-07 02:29:22] [2026-05-07 02:29:22,305 AIMaster] (anomalous_nodes_manager.py 204) INFO: Job level blacklist node error history
[2026-05-07 02:29:22] # History accumulation for node error information of job level blacklist, not indicate this round restarting!!!
[2026-05-07 02:29:22] # Please check log(or others) like "Handle failed workers: xxx" for this round restarting.
[2026-05-07 02:29:22] | NodeName                            | ErrorMessage   |   ErrorCount |   ErrorScore | IsBlacklisted   | UpdateTime           |
[2026-05-07 02:29:22] |:------------------------------------|:---------------|-------------:|-------------:|:----------------|:---------------------|
[2026-05-07 02:29:22] | lingjjzxfyht3hny-mg1tqb9xmj7hpekd-0 | Failed         |            2 |            0 | No              | 2026-05-06T18:29:22Z |
[2026-05-07 02:29:22] [2026-05-07 02:29:22,305 AIMaster] (job_monitor_controller_k8s.py 1411) WARNING: Detected 1 potential anomalous node(s), detail: [{'Node': 'm21519n14019', 'Pod': 'dlcfwzrpm5k45awi-master-0', 'ErrorCode': '14', 'ErrorMsg': 'No such file or directory', 'AddNodeToBlacklist': False, 'NeedNotification': True, 'RawLog': 'bash: /mnt/data/ebft-distribution-new/code/scripts/setup_env.sh: No such file or directory'}]
[2026-05-07 02:29:22] [2026-05-07 02:29:22,305 AIMaster] (job_monitor_controller_k8s.py 1465) INFO: NCCL warning pods: []
[2026-05-07 02:29:22] [2026-05-07 02:29:22,311 AIMaster] (manager.py 120) INFO: Add a new job message, version: 3, level: Warning, source: System
[2026-05-07 02:29:22] [2026-05-07 02:29:22,311 AIMaster] (job_monitor_controller_k8s.py 1470) INFO: Potential anomalous nodes count: 1, details: [{'Node': 'm21519n14019', 'Pod': 'dlcfwzrpm5k45awi-master-0', 'ErrorCode': '14', 'ErrorMsg': 'No such file or directory', 'AddNodeToBlacklist': False, 'NeedNotification': True, 'RawLog': 'bash: /mnt/data/ebft-distribution-new/code/scripts/setup_env.sh: No such file or directory'}]
[2026-05-07 02:29:22] [2026-05-07 02:29:22,311 AIMaster] (job_monitor_controller_k8s.py 1480) INFO: Blacklist nodes count (after filtering): 0, cluster blacklist enabled: True, job blacklist enabled: True, details: []
[2026-05-07 02:29:22] [2026-05-07 02:29:22,316 AIMaster] (manager.py 120) INFO: Add a new job message, version: 4, level: Warning, source: System
[2026-05-07 02:29:22] [2026-05-07 02:29:22,316 AIMaster] (job_monitor_controller_k8s.py 2108) WARNING: Restarting job.
[2026-05-07 02:29:22] [2026-05-07 02:29:22,316 AIMaster] (job_monitor_controller_k8s.py 1663) INFO: perftracker controller set job status: Restarting
[2026-05-07 02:29:22] [2026-05-07 02:29:22.316 AIMaster] (perftracker_manager.cc 39) INFO: Set perftracker job status `Restarting`
[2026-05-07 02:29:22] [2026-05-07 02:29:22,325 AIMaster] (job_status_manager.py 70) WARNING: Update job status to Restarting, reason: 
[2026-05-07 02:29:22] [2026-05-07 02:29:22,334 AIMaster] (kubernetes_job_tracker.py 184) INFO: New job patch: [{'op': 'replace', 'path': '/metadata/annotations/kubedl.io~1expected-job-status', 'value': '{"JobState": "Restarting", "Message": "", "Source": "System"}'}]
[2026-05-07 02:29:22] [2026-05-07 02:29:22,378 AIMaster] (job_monitor_controller_k8s.py 1663) INFO: perftracker controller set job status: Restarting
[2026-05-07 02:29:22] [2026-05-07 02:29:22.378 AIMaster] (perftracker_manager.cc 39) INFO: Set perftracker job status `Restarting`
[2026-05-07 02:29:22] [2026-05-07 02:29:22,389 AIMaster] (kubernetes_job_tracker.py 184) INFO: New job patch: [{'op': 'replace', 'path': '/metadata/annotations/kubedl.io~1immediately-start-worker', 'value': 'true'}, {'op': 'replace', 'path': '/metadata/annotations/pai.alibabacloud.com~1job-restart-info', 'value': '{"OccurTime": "2026-05-06T18:29:22Z", "OccurPhase": "Running", "Reason": "No such file or directory", "TriggerID": "BYc-_XFgSECayd-cU3kAqQ", "JobRestartCount": 2, "DetailErrorInfoList": [{"Node": "lingjjzxfyht3hny-mg1tqb9xmj7hpekd-0", "Pod": "dlcfwzrpm5k45awi-master-0", "ErrorCode": "14", "ErrorMsg": "No such file or directory", "DetailErrorMsg": "bash: /mnt/data/ebft-distribution-new/code/scripts/setup_env.sh: No such file or directory", "AddNodeToBlacklist": false, "AddJobLevelBlacklist": false, "ErrorSource": "AIMaster", "IsGlobal": false, "Count": 1}, {"Node": "lingjjzxfyht3hny-mg1tqb9xmj7hpekd-0", "Pod": "dlcfwzrpm5k45awi-master-0", "ErrorCode": "499", "ErrorMsg": "WorkerFailed", "AddNodeToBlacklist": false, "AddJobLevelBlacklist": false, "ErrorSource": "AIMaster", "IsGlobal": false, "Count": 1}]}'}, {'op': 'replace', 'path': '/metadata/annotations/kubedl.io~1job-failover-generation', 'value': '2'}, {'op': 'replace', 'path': '/metadata/annotations/pai.alibabacloud.com~1job-failover-generation', 'value': '2'}, {'op': 'replace', 'path': '/spec/pytorchReplicaSpecs/Worker/template/spec/containers/0/env/25/value', 'value': '2'}, {'op': 'replace', 'path': '/spec/pytorchReplicaSpecs/Master/template/spec/containers/0/env/25/value', 'value': '2'}]
[2026-05-07 02:29:22] [2026-05-07 02:29:22,422 AIMaster] (job_monitor_controller_k8s.py 2168) INFO: Waiting for restart job patch to be triggered...
[2026-05-07 02:29:22] [2026-05-07 02:29:22,449 AIMaster] (kubernetes_job_tracker.py 184) INFO: New job patch: [{'op': 'replace', 'path': '/metadata/annotations/kubedl.io~1add-aimaster-message', 'value': '{"MessageContent": "Node: m21519n14019, Instance: dlcfwzrpm5k45awi-master-0, ErrorMsg: bash: /mnt/data/ebft-distribution-new/code/scripts/setup_env.sh: No such file or directory, AddNodeToBlacklist: no ;", "MessageVersion": 3, "MessageLevel": "Warning", "MessageSource": "System", "MessageCreateTime": "2026-05-07T02:29:22.305899+08:00", "MessageEvent": "\\u53d1\\u73b0\\u6545\\u969c\\u673a\\u5668", "Extended": "{}"}'}]
[2026-05-07 02:29:24] [2026-05-07 02:29:24,433 AIMaster] (job_monitor_controller_k8s.py 2170) INFO: Restart job patch has been triggered.
[2026-05-07 02:29:24] [2026-05-07 02:29:24,457 AIMaster] (job_monitor_controller_k8s.py 2197) INFO: Waiting for 1 workers to restart, ['dlcfwzrpm5k45awi-worker-0']
[2026-05-07 02:29:37] [2026-05-07 02:29:37,459 AIMaster] (kubernetes_job_tracker.py 184) INFO: New job patch: [{'op': 'replace', 'path': '/metadata/annotations/kubedl.io~1add-aimaster-message', 'value': '{"MessageContent": "\\u4efb\\u52a1\\u90e8\\u5206\\u5b9e\\u4f8b\\u8fd0\\u884c\\u5931\\u8d25, \\u5305\\u62ec {\'master\': [\'0\']}", "MessageVersion": 4, "MessageLevel": "Warning", "MessageSource": "System", "MessageCreateTime": "2026-05-07T02:29:22.251520+08:00", "JobRestartCount": 2, "RestartType": "Job", "MessageEvent": "\\u4efb\\u52a1\\u7b2c **2** \\u6b21\\u91cd\\u542f", "Extended": "{}"}'}]
[2026-05-07 02:29:44] [2026-05-07 02:29:44,489 AIMaster] (job_status_manager.py 90) INFO: Remove expected job status setting.
[2026-05-07 02:29:44] [2026-05-07 02:29:44,491 AIMaster] (kubernetes_job_tracker.py 184) INFO: New job patch: [{'op': 'replace', 'path': '/metadata/annotations/kubedl.io~1expected-job-status', 'value': ''}]
[2026-05-07 02:29:44] [2026-05-07 02:29:44,519 AIMaster] (job_restart_info_manager.py 108) INFO: Recorded job restart #2 at 1778092184.5199287
[2026-05-07 02:29:44] [2026-05-07 02:29:44,531 AIMaster] (kubernetes_job_tracker.py 184) INFO: New job patch: [{'op': 'replace', 'path': '/metadata/annotations/pai.alibabacloud.com~1job-restart-finish-info', 'value': '{"OccurTime": "2026-05-06T18:29:44Z", "RestartStatus": "Succeeded", "TriggerID": "BYc-_XFgSECayd-cU3kAqQ", "RestartDurationInSec": 20, "JobRestartCount": 2}'}, {'op': 'replace', 'path': '/metadata/annotations/pai.alibabacloud.com~1job-restart-info', 'value': ''}]
[2026-05-07 02:29:44] [2026-05-07 02:29:44,575 AIMaster] (runtime_error_detector.py 517) INFO: Set training metric expired time to 1778092184.5752137
[2026-05-07 02:29:44] [2026-05-07 02:29:44,575 AIMaster] (utils.py 153) INFO: Function _restart_job run time is 22.2592s
